// Jest Snapshot v1, https://goo.gl/fbAQLP

exports[`expect to render Same App Component Snapshot 1`] = `ShallowWrapper {}`;
